gcc -g p2final.c
îº§ gdb a.out
GNU gdb (Ubuntu 8.1.1-0ubuntu1) 8.1.1
Copyright (C) 2018 Free Software Foundation, Inc.
License GPLv3+: GNU GPL version 3 or later <http://gnu.org/licenses/gpl.html>
This is free software: you are free to change and redistribute it.
There is NO WARRANTY, to the extent permitted by law.  Type "show copying"
and "show warranty" for details.
This GDB was configured as "x86_64-linux-gnu".
Type "show configuration" for configuration details.
For bug reporting instructions, please see:
<http://www.gnu.org/software/gdb/bugs/>.
Find the GDB manual and other documentation resources online at:
<http://www.gnu.org/software/gdb/documentation/>.
For help, type "help".
Type "apropos word" to search for commands related to "word"...
Reading symbols from a.out...done.
(gdb) b main
Breakpoint 1 at 0x850: file p2final.c, line 30.
(gdb) r
Starting program: /home/runner/IA2-Test1-Session2/a.out 
warning: Error disabling address space randomization: Operation not permitted

Breakpoint 1, main () at p2final.c:30
30    int AB=input_side();
(gdb) s
input_side () at p2final.c:3
3   {
(gdb) n
5     printf("Enter a side of the triangle:\n");
(gdb) n
Enter a side of the triangle:
6     scanf("%d",&side);
(gdb) n
69
7     return side;
(gdb) p side
$1 = 69
(gdb) n
8   }
(gdb) n
main () at p2final.c:31
31    int BC=input_side();
(gdb) s
input_side () at p2final.c:3
3   {
(gdb) n
5     printf("Enter a side of the triangle:\n");
(gdb) n
Enter a side of the triangle:
6     scanf("%d",&side);
(gdb) n
96
7     return side;
(gdb) p side
$2 = 96
(gdb) n
8   }
(gdb) n
main () at p2final.c:32
32    int CA=input_side();
(gdb) s
input_side () at p2final.c:3
3   {
(gdb) n
5     printf("Enter a side of the triangle:\n");
(gdb) n
Enter a side of the triangle:
6     scanf("%d",&side);
(gdb) n
696   
7     return side;
(gdb) p side
$3 = 696
(gdb) n
8   }
(gdb) n
main () at p2final.c:33
33    int res=check_scalene(AB,BC,CA);
(gdb) s
check_scalene (a=69, b=96, c=696) at p2final.c:11
11    if (a!=b && a!=c && b!=c)
(gdb) n
13      return 1;
(gdb) n
16  }
(gdb) n
main () at p2final.c:34
34    output(AB,BC,CA,res);
(gdb) s
output (a=69, b=96, c=696, ifScalene=1) at p2final.c:19
19    if(ifScalene)
(gdb) n
21      printf("The triangle with sides %d, %d and %d is scalene\n", a, b, c);
(gdb) n
The triangle with sides 69, 96 and 696 is scalene
27  }
(gdb) n
main () at p2final.c:35
35    return 0;
(gdb) c
Continuing.
[Inferior 1 (process 768) exited normally]
(gdb) Quit
(gdb) 